error: RedefinedSymbol2.panda:4:5: invalid redefinition of symbol 'length'
1 error
