error: TuplesFail.panda:1:17: expected '(panda.core.Int32)', but found 'panda.core.Int8'
1 error
