calling noisy!
calling noisy!
calling noisy!
success
