[1, 4, 9, 16, 25]
15
120
I am going to multiply by 9 all 6 numbers in this sentence of 48 words
success!
