error: BadAnnotations4.panda:1:1: @private may not be used together with @protected
1 error
