I am doing something to 42: 84
I am doing something real to 42: 117.6
I am doing something stringy to 42: 42 is the answer!
