Simple calculator. Try typing an expression like '(8 * 6) ^ 2'.
expression: 2304
expression: 293
expression: 408
expression: 10
expression: 