I'm 'a'!
5
I'm 'b'!
I'm 'a'!... as interpreted by 'c1'!
[3, 6, 9]
And another variant of 'c' says 'success'!
