panda.core.String
panda.core.Value
panda.core.Immutable
panda.core.Object
Success
