Sub calling Sub.hello()!
Sub calling Sub.hello()!
Super calling Super.hello()!
