error: ParameterModification.panda:2:7: cannot modify final variable 'x'
1 error
