Array index out of bounds: requested element 15, array length is 10
